---
namespace: Compile
expectation: Pass
outputs:
  - output:
      - initial_input_ast: ec3cfeb93ea66a530150a5c5e2bd396688b3ef9b9fb0bcb961c62dac4daa064e
      - initial_input_ast: cb1d48114c10b2b732ad47a46fc8d05bf7a3e783da89e7f00065244bfc8d15c8
    initial_ast: 1bbe35b9a1a767668b4ff0d689873caded5d92ea7886aad2355a404511d76199
    constant_folded_ast: 3f6008a60d8a7626fa8970eaa76cc33a47fbb77e92fa0e7b606b84d326470d12
    unrolled_ast: 3f6008a60d8a7626fa8970eaa76cc33a47fbb77e92fa0e7b606b84d326470d12
