---
namespace: Compile
expectation: Pass
outputs:
  - output:
      - initial_input_ast: e42870a9c4915d12757e7ebe32492b7c4dd6f47134c6f2bd635d6e4be239c379
    initial_ast: b79ba115b0e8769429018578dd678306dc07e5e199b0ec3b26141238e9915680
    constant_folded_ast: b79ba115b0e8769429018578dd678306dc07e5e199b0ec3b26141238e9915680
    unrolled_ast: b79ba115b0e8769429018578dd678306dc07e5e199b0ec3b26141238e9915680
