---
namespace: Compile
expectation: Pass
outputs:
  - output:
      - initial_input_ast: 192829d709e9a915c6cc0cdd27fb24bcae5222ad571a8939f6518f27b895bef3
      - initial_input_ast: 8766097c50171ea9912e2ee31fc9124faafa62da00407a4b9ab679a42e45233a
    initial_ast: 30685958fa07b104f1de0521fa70027db6515525003eff11bab88d398cc38626
    constant_folded_ast: 30685958fa07b104f1de0521fa70027db6515525003eff11bab88d398cc38626
    unrolled_ast: 30685958fa07b104f1de0521fa70027db6515525003eff11bab88d398cc38626
