---
namespace: Compile
expectation: Pass
outputs:
  - output:
      - initial_input_ast: 943916e0ea110fb1aefe6999a3f26173e62f3717d66e88455526446567036c22
    initial_ast: f829b62986b95aef38a6dbc7201aeb0a7d0bd529a8c220db340c3c64308c4e44
    constant_folded_ast: f829b62986b95aef38a6dbc7201aeb0a7d0bd529a8c220db340c3c64308c4e44
    unrolled_ast: f829b62986b95aef38a6dbc7201aeb0a7d0bd529a8c220db340c3c64308c4e44
