---
namespace: Compile
expectation: Pass
outputs:
  - output:
      - initial_input_ast: 5da63be4ca3051be011a7ac00c13189ffcde7abd35bf5a1ddfb4d204712522ae
    initial_ast: d0d11e5576dcb23724c93bd6451c1111800d6a534884015c50b3e861c797135d
    constant_folded_ast: d0d11e5576dcb23724c93bd6451c1111800d6a534884015c50b3e861c797135d
    unrolled_ast: d0d11e5576dcb23724c93bd6451c1111800d6a534884015c50b3e861c797135d
