---
namespace: Compile
expectation: Pass
outputs:
  - output:
      - initial_input_ast: 16b842bbbf6b30fc29a691eba15942be5816fd1f0b26f92da2b273dd4616a06f
      - initial_input_ast: 47331aa33fe027e08fba70eea5c1e84fa3d66c3120c0a172704d4e57c642177a
    initial_ast: 3a2ea7199f4366eae3281322e49d49191ecfe98bb83d6333b59bb55fefc6a68a
    constant_folded_ast: 3a2ea7199f4366eae3281322e49d49191ecfe98bb83d6333b59bb55fefc6a68a
    unrolled_ast: 3a2ea7199f4366eae3281322e49d49191ecfe98bb83d6333b59bb55fefc6a68a
