---
namespace: Compile
expectation: Pass
outputs:
  - output:
      - initial_input_ast: 5213a0abbbf502a8d84d4ce6ae6418b5d3ff1c6a4de6cf53a6f001b1a7c4f9b2
    initial_ast: 3dfee5f61d7da5b40f4246f26e3e69a1ecf74ba429a60461f8889e2802d65a11
    constant_folded_ast: 3dfee5f61d7da5b40f4246f26e3e69a1ecf74ba429a60461f8889e2802d65a11
    unrolled_ast: 3dfee5f61d7da5b40f4246f26e3e69a1ecf74ba429a60461f8889e2802d65a11
