---
namespace: Compile
expectation: Pass
outputs:
  - output:
      - initial_input_ast: 9206742d7f18345efbd4d9077cd1aca0855d43a2436be0697ec22954650e3737
    initial_ast: c2122be4da96294b4ce4bca5d239176c6bb98765248c767dd41352b6b95888c8
    constant_folded_ast: c2122be4da96294b4ce4bca5d239176c6bb98765248c767dd41352b6b95888c8
    unrolled_ast: c2122be4da96294b4ce4bca5d239176c6bb98765248c767dd41352b6b95888c8
