---
namespace: Compile
expectation: Pass
outputs:
  - output:
      - initial_input_ast: c7cfa681865a1c0623cfd356162d0c6750f3e06fb72126585eace0aeb21bae77
    initial_ast: ee15651731f192ef1d23b7f0cdd46bcca77bd5cc7406acb4655022e950e45211
    constant_folded_ast: ee15651731f192ef1d23b7f0cdd46bcca77bd5cc7406acb4655022e950e45211
    unrolled_ast: ee15651731f192ef1d23b7f0cdd46bcca77bd5cc7406acb4655022e950e45211
