---
namespace: Compile
expectation: Pass
outputs:
  - output:
      - initial_input_ast: 3d9702d3e9990e8ae833c893cbd678a03963e7cd6d9ced5c5ef82850bce77059
    initial_ast: 155285c800a7473d4eb61b70e3dbea5868e8858040d5990452b11260201b5a64
    constant_folded_ast: 155285c800a7473d4eb61b70e3dbea5868e8858040d5990452b11260201b5a64
    unrolled_ast: 155285c800a7473d4eb61b70e3dbea5868e8858040d5990452b11260201b5a64
