---
namespace: Compile
expectation: Pass
outputs:
  - output:
      - initial_input_ast: a30d87edb4b5e4228844a032596e7140e5c7c2c238a1a5ac1b0b551fd6994b18
    initial_ast: 1907bd79a2a14db601288444dd30ffbe19d7bd3acde563cdb034932539ccdbb4
    constant_folded_ast: 1907bd79a2a14db601288444dd30ffbe19d7bd3acde563cdb034932539ccdbb4
    unrolled_ast: 1907bd79a2a14db601288444dd30ffbe19d7bd3acde563cdb034932539ccdbb4
