---
namespace: Compile
expectation: Pass
outputs:
  - output:
      - initial_input_ast: 19ccd8355c28de11d696f353eebeb35a92372d6aec6be93fca97ebe917117c89
      - initial_input_ast: fb901b45b5aaee305521668ae9e9edb15cc7cd0cd81814069e06d979a9371ce9
    initial_ast: 82ebe0469ebdbb62aa1986d47ed23440550c604fca3ef7a832a85e49f433a6a7
    constant_folded_ast: 82ebe0469ebdbb62aa1986d47ed23440550c604fca3ef7a832a85e49f433a6a7
    unrolled_ast: 82ebe0469ebdbb62aa1986d47ed23440550c604fca3ef7a832a85e49f433a6a7
