---
namespace: Compile
expectation: Pass
outputs:
  - output:
      - initial_input_ast: 0f6e6634d7fbd2d3726902cdd699ded4914f9f112d19a3c4779e672e9b727107
    initial_ast: d0a3ab01c3410669102e39150e9d6dc6c0e3030097cca0beb27dbbe405518e2e
    constant_folded_ast: d0a3ab01c3410669102e39150e9d6dc6c0e3030097cca0beb27dbbe405518e2e
    unrolled_ast: d0a3ab01c3410669102e39150e9d6dc6c0e3030097cca0beb27dbbe405518e2e
