---
namespace: Compile
expectation: Pass
outputs:
  - output:
      - initial_input_ast: 15a1f00a6c0ca8141202e45e534b7afd196e9391c184a4efd94f0d0ccf04a59d
    initial_ast: 0ef8a9cfc447ad3fd1cb0275e91b1d005b7f230a02bf87e0f8ad56be86daa23e
    constant_folded_ast: 0ef8a9cfc447ad3fd1cb0275e91b1d005b7f230a02bf87e0f8ad56be86daa23e
    unrolled_ast: 0ef8a9cfc447ad3fd1cb0275e91b1d005b7f230a02bf87e0f8ad56be86daa23e
