---
namespace: Compile
expectation: Pass
outputs:
  - output:
      - initial_input_ast: 47b22dfd0c232f17cc03d6185396a90b40bddc62d6281e4be3e77134ffcb53ea
    initial_ast: b7dbc12306b2d8caf5a344885e6a7b6a8bd4b01b2b8c55557f9ae25315ac14d8
    constant_folded_ast: cf152178bd7f446787c7355b36ae53c05193ca610f6c4cb3760140d9dd7c3d66
    unrolled_ast: 6c064d84ca5744d2af41a0a8c09b6914139e9bd3b619b05c154e7ce54ff721fe
