---
namespace: Compile
expectation: Pass
outputs:
  - output:
      - initial_input_ast: a60503e3f83fbee658d02fb3806b3a3326fc6d4f4e43ac05bce7b16ac0552edb
    initial_ast: 07af6f05d46a6cd91085fb1aaf8a0fcb9cb2c05ccf60fd5fad5449e9fbf079b4
    constant_folded_ast: 07af6f05d46a6cd91085fb1aaf8a0fcb9cb2c05ccf60fd5fad5449e9fbf079b4
    unrolled_ast: 07af6f05d46a6cd91085fb1aaf8a0fcb9cb2c05ccf60fd5fad5449e9fbf079b4
