---
namespace: Compile
expectation: Pass
outputs:
  - output:
      - initial_input_ast: 1b5330a3356c437ddc09afc027d1365eedb24c56777772fd83b9167cfebb4435
    initial_ast: c90971ebee1da3c277fef3288af860eeca4997ba9807a8038a3d1bd03200d277
    constant_folded_ast: c90971ebee1da3c277fef3288af860eeca4997ba9807a8038a3d1bd03200d277
    unrolled_ast: c90971ebee1da3c277fef3288af860eeca4997ba9807a8038a3d1bd03200d277
