---
namespace: Compile
expectation: Pass
outputs:
  - output:
      - initial_input_ast: 0505e11c1ba5993289a95ca23d8284b98306cbcf05d09523236959b82c5a63df
      - initial_input_ast: 2893b2993351883eb062f02e840ec5b4a1475ad28f32e51062f55f5df6402824
    initial_ast: 3594b8e27b2a6bf71fd3189330892f56936390e91e80dec807accca03322195b
    constant_folded_ast: 3594b8e27b2a6bf71fd3189330892f56936390e91e80dec807accca03322195b
    unrolled_ast: 3594b8e27b2a6bf71fd3189330892f56936390e91e80dec807accca03322195b
