---
namespace: Compile
expectation: Pass
outputs:
  - output:
      - initial_input_ast: ad738add6c03b6224ccba9d8d735b6645444f9c16f3b652ec4c0903fa4bb33aa
    initial_ast: a7e36ff9593243c851b23911c40f02dd9436d6828ff9cdf0b8773dba08ee5289
    constant_folded_ast: a7e36ff9593243c851b23911c40f02dd9436d6828ff9cdf0b8773dba08ee5289
    unrolled_ast: a7e36ff9593243c851b23911c40f02dd9436d6828ff9cdf0b8773dba08ee5289
