---
namespace: Compile
expectation: Pass
outputs:
  - output:
      - initial_input_ast: e83445120df1413c9c3695a5c9f4731762d27410f9a9b9f3a11f6b6c68275213
    initial_ast: b6014ffeb17b10ef11d4b0c67ddd9cb3638d3d049e6fdd5243578b9587294b7b
    constant_folded_ast: b6014ffeb17b10ef11d4b0c67ddd9cb3638d3d049e6fdd5243578b9587294b7b
    unrolled_ast: b6014ffeb17b10ef11d4b0c67ddd9cb3638d3d049e6fdd5243578b9587294b7b
